2026-01-23 23:18:39,671 - utils - INFO - ======================================================================
2026-01-23 23:18:39,671 - utils - INFO - NETWORK INTRUSION DETECTION SYSTEM WITH DRIFT DETECTION
2026-01-23 23:18:39,675 - utils - INFO - ======================================================================
2026-01-23 23:18:39,675 - utils - INFO - Start Time: 2026-01-23 23:18:39
2026-01-23 23:18:39,676 - utils - INFO - Configuration loaded
2026-01-23 23:18:39,680 - utils - INFO - Found 8 CSV files in ../data/raw
2026-01-23 23:18:39,680 - utils - INFO - 
======================================================================
2026-01-23 23:18:39,681 - utils - INFO - PHASE 1: DATA PREPROCESSING
2026-01-23 23:18:39,681 - utils - INFO - ======================================================================
2026-01-23 23:18:39,682 - utils - INFO - Starting data preparation pipeline...
2026-01-23 23:18:39,683 - utils - INFO - Loading Monday-WorkingHours.pcap_ISCX.csv
2026-01-23 23:18:43,426 - utils - INFO - Loaded Monday-WorkingHours.pcap_ISCX.csv: (529918, 79)
2026-01-23 23:18:43,539 - utils - INFO - Loading Tuesday-WorkingHours.pcap_ISCX.csv
2026-01-23 23:18:46,430 - utils - INFO - Loaded Tuesday-WorkingHours.pcap_ISCX.csv: (445909, 79)
2026-01-23 23:18:46,530 - utils - INFO - Loading Wednesday-WorkingHours.pcap_ISCX.csv
2026-01-23 23:18:51,225 - utils - INFO - Loaded Wednesday-WorkingHours.pcap_ISCX.csv: (692703, 79)
2026-01-23 23:18:51,372 - utils - INFO - Loading Thursday-WorkingHours-Afternoon-Infilteration.pcap_ISCX.csv
2026-01-23 23:18:53,185 - utils - INFO - Loaded Thursday-WorkingHours-Afternoon-Infilteration.pcap_ISCX.csv: (288602, 79)
2026-01-23 23:18:53,253 - utils - INFO - Loading Thursday-WorkingHours-Morning-WebAttacks.pcap_ISCX.csv
2026-01-23 23:18:54,390 - utils - INFO - Loaded Thursday-WorkingHours-Morning-WebAttacks.pcap_ISCX.csv: (170366, 79)
2026-01-23 23:18:54,429 - utils - INFO - Loading Friday-WorkingHours-Afternoon-DDos.pcap_ISCX.csv
2026-01-23 23:18:55,944 - utils - INFO - Loaded Friday-WorkingHours-Afternoon-DDos.pcap_ISCX.csv: (225745, 79)
2026-01-23 23:18:56,007 - utils - INFO - Loading Friday-WorkingHours-Afternoon-PortScan.pcap_ISCX.csv
2026-01-23 23:18:57,647 - utils - INFO - Loaded Friday-WorkingHours-Afternoon-PortScan.pcap_ISCX.csv: (286467, 79)
2026-01-23 23:18:57,716 - utils - INFO - Loading Friday-WorkingHours-Morning.pcap_ISCX.csv
2026-01-23 23:18:59,132 - utils - INFO - Loaded Friday-WorkingHours-Morning.pcap_ISCX.csv: (191033, 79)
2026-01-23 23:19:00,476 - utils - INFO - Combined data shape: (2830743, 79)
2026-01-23 23:19:00,569 - utils - INFO - Starting data cleaning...
2026-01-23 23:19:00,569 - utils - INFO - Original shape: (2830743, 79)
2026-01-23 23:19:14,290 - utils - INFO - Final shape after cleaning: (2830743, 79)
2026-01-23 23:19:14,290 - utils - INFO - Removed 0 rows
2026-01-23 23:19:14,372 - utils - INFO - Encoding target variable...
2026-01-23 23:19:18,666 - utils - INFO - Unique labels found: ['BENIGN' 'FTP-Patator' 'SSH-Patator' 'DoS slowloris' 'DoS Slowhttptest'
 'DoS Hulk' 'DoS GoldenEye' 'Heartbleed' 'Infiltration'
 'Web Attack  Brute Force' 'Web Attack  XSS' 'Web Attack  Sql Injection'
 'DDoS' 'PortScan' 'Bot']
2026-01-23 23:19:19,372 - utils - INFO - Label mapping:
2026-01-23 23:19:19,372 - utils - INFO -   0: BENIGN
2026-01-23 23:19:19,372 - utils - INFO -   1: Bot
2026-01-23 23:19:19,372 - utils - INFO -   2: DDoS
2026-01-23 23:19:19,372 - utils - INFO -   3: DoS GoldenEye
2026-01-23 23:19:19,372 - utils - INFO -   4: DoS Hulk
2026-01-23 23:19:19,372 - utils - INFO -   5: DoS Slowhttptest
2026-01-23 23:19:19,372 - utils - INFO -   6: DoS slowloris
2026-01-23 23:19:19,381 - utils - INFO -   7: FTP-Patator
2026-01-23 23:19:19,381 - utils - INFO -   8: Heartbleed
2026-01-23 23:19:19,381 - utils - INFO -   9: Infiltration
2026-01-23 23:19:19,381 - utils - INFO -   10: PortScan
2026-01-23 23:19:19,381 - utils - INFO -   11: SSH-Patator
2026-01-23 23:19:19,381 - utils - INFO -   12: Web Attack  Brute Force
2026-01-23 23:19:19,381 - utils - INFO -   13: Web Attack  Sql Injection
2026-01-23 23:19:19,381 - utils - INFO -   14: Web Attack  XSS
2026-01-23 23:19:19,381 - utils - INFO - Selected 2 numerical features
2026-01-23 23:19:19,506 - utils - INFO - Final feature count: 2
2026-01-23 23:19:20,989 - utils - INFO - Scaling features...
2026-01-23 23:19:34,160 - utils - INFO - Preprocessor saved to ../data/processed/preprocessor.joblib
2026-01-23 23:19:34,160 - utils - INFO - Data saved to ../data/processed
2026-01-23 23:19:34,301 - utils - INFO - Training data shape: (1981520, 2)
2026-01-23 23:19:34,301 - utils - INFO - Test data shape: (849223, 2)
2026-01-23 23:19:34,301 - utils - INFO - Number of features: 2
2026-01-23 23:19:34,301 - utils - INFO - Feature names (first 5): ['Total Length of Fwd Packets', 'Flow Bytes/s']
2026-01-23 23:19:34,341 - utils - INFO - Classes in training data: 15
2026-01-23 23:19:34,341 - utils - INFO -   Class 0: 1591168 samples (80.30%)
2026-01-23 23:19:34,341 - utils - INFO -   Class 1: 1376 samples (0.07%)
2026-01-23 23:19:34,341 - utils - INFO -   Class 2: 89619 samples (4.52%)
2026-01-23 23:19:34,341 - utils - INFO -   Class 3: 7205 samples (0.36%)
2026-01-23 23:19:34,341 - utils - INFO -   Class 4: 161751 samples (8.16%)
2026-01-23 23:19:34,341 - utils - INFO -   Class 5: 3849 samples (0.19%)
2026-01-23 23:19:34,341 - utils - INFO -   Class 6: 4057 samples (0.20%)
2026-01-23 23:19:34,341 - utils - INFO -   Class 7: 5557 samples (0.28%)
2026-01-23 23:19:34,341 - utils - INFO -   Class 8: 8 samples (0.00%)
2026-01-23 23:19:34,341 - utils - INFO -   Class 9: 25 samples (0.00%)
2026-01-23 23:19:34,341 - utils - INFO -   Class 10: 111251 samples (5.61%)
2026-01-23 23:19:34,341 - utils - INFO -   Class 11: 4128 samples (0.21%)
2026-01-23 23:19:34,349 - utils - INFO -   Class 12: 1055 samples (0.05%)
2026-01-23 23:19:34,349 - utils - INFO -   Class 13: 15 samples (0.00%)
2026-01-23 23:19:34,350 - utils - INFO -   Class 14: 456 samples (0.02%)
2026-01-23 23:19:34,351 - utils - INFO - Data preprocessing completed in 54.67 seconds
2026-01-23 23:19:34,351 - utils - INFO - 
======================================================================
2026-01-23 23:19:34,352 - utils - INFO - PHASE 2: MODEL TRAINING
2026-01-23 23:19:34,352 - utils - INFO - ======================================================================
2026-01-23 23:19:34,353 - utils - INFO - Training random_forest model...
2026-01-23 23:19:34,354 - utils - INFO - Building Random Forest model...
2026-01-23 23:21:11,913 - utils - INFO - Model training completed
2026-01-23 23:21:11,914 - utils - INFO - Model evaluation on test set:
2026-01-23 23:21:11,919 - utils - INFO - Evaluating model...
2026-01-23 23:21:17,696 - utils - INFO - Accuracy: 0.9439
2026-01-23 23:21:17,697 - utils - INFO - Confusion Matrix shape: (15, 15)
2026-01-23 23:21:24,918 - utils - INFO - AUC-ROC: 0.9778
2026-01-23 23:21:25,223 - utils - INFO - Model saved to ./models/trained/ids_model.joblib
2026-01-23 23:21:25,227 - utils - INFO - Preprocessor saved to ./models/trained/scaler.joblib
2026-01-23 23:21:25,227 - utils - INFO - Model training completed in 110.87 seconds
2026-01-23 23:21:25,227 - utils - INFO - 
======================================================================
2026-01-23 23:21:25,228 - utils - INFO - PHASE 3: DRIFT DETECTION SETUP
2026-01-23 23:21:25,229 - utils - INFO - ======================================================================
2026-01-23 23:21:25,229 - utils - INFO - Using 5000 samples as reference data
2026-01-23 23:21:25,230 - utils - INFO - Reference data set with shape: (5000, 2)
2026-01-23 23:21:25,230 - utils - INFO - Number of features: 2
2026-01-23 23:21:25,231 - utils - INFO - 
Starting drift detection with intentional drift simulation...
2026-01-23 23:21:25,232 - utils - INFO - Starting streaming drift detection...
2026-01-23 23:21:25,232 - utils - INFO - Processing 50 batches of size 16984
2026-01-23 23:21:25,250 - utils - INFO - Processed batch 0/50
2026-01-23 23:21:25,302 - utils - INFO - Processed batch 5/50
2026-01-23 23:21:25,352 - utils - INFO - Processed batch 10/50
2026-01-23 23:21:25,392 - utils - INFO - Simulating MAJOR drift in batch 15
2026-01-23 23:21:25,507 - utils - WARNING - DRIFT DETECTED! KS: False, PSI: True
2026-01-23 23:21:25,507 - utils - WARNING - Drift magnitude: 2.5701
2026-01-23 23:21:25,511 - utils - WARNING - Features with drift: 2
2026-01-23 23:21:25,511 - utils - INFO - Processed batch 15/50
2026-01-23 23:21:25,512 - utils - INFO - Simulating MAJOR drift in batch 16
2026-01-23 23:21:25,525 - utils - WARNING - DRIFT DETECTED! KS: False, PSI: True
2026-01-23 23:21:25,525 - utils - WARNING - Drift magnitude: 2.5534
2026-01-23 23:21:25,526 - utils - WARNING - Features with drift: 2
2026-01-23 23:21:25,526 - utils - INFO - Simulating MAJOR drift in batch 17
2026-01-23 23:21:25,540 - utils - WARNING - DRIFT DETECTED! KS: False, PSI: True
2026-01-23 23:21:25,540 - utils - WARNING - Drift magnitude: 2.5311
2026-01-23 23:21:25,541 - utils - WARNING - Features with drift: 2
2026-01-23 23:21:25,542 - utils - INFO - Simulating MAJOR drift in batch 18
2026-01-23 23:21:25,554 - utils - WARNING - DRIFT DETECTED! KS: False, PSI: True
2026-01-23 23:21:25,555 - utils - WARNING - Drift magnitude: 2.5645
2026-01-23 23:21:25,555 - utils - WARNING - Features with drift: 2
2026-01-23 23:21:25,556 - utils - INFO - Simulating MAJOR drift in batch 19
2026-01-23 23:21:25,570 - utils - WARNING - DRIFT DETECTED! KS: False, PSI: True
2026-01-23 23:21:25,570 - utils - WARNING - Drift magnitude: 2.5721
2026-01-23 23:21:25,571 - utils - WARNING - Features with drift: 2
2026-01-23 23:21:25,571 - utils - INFO - Simulating MAJOR drift in batch 20
2026-01-23 23:21:25,584 - utils - WARNING - DRIFT DETECTED! KS: False, PSI: True
2026-01-23 23:21:25,585 - utils - WARNING - Drift magnitude: 2.5090
2026-01-23 23:21:25,586 - utils - WARNING - Features with drift: 2
2026-01-23 23:21:25,586 - utils - INFO - Processed batch 20/50
2026-01-23 23:21:25,587 - utils - INFO - Simulating MAJOR drift in batch 21
2026-01-23 23:21:25,600 - utils - WARNING - DRIFT DETECTED! KS: False, PSI: True
2026-01-23 23:21:25,601 - utils - WARNING - Drift magnitude: 2.5607
2026-01-23 23:21:25,601 - utils - WARNING - Features with drift: 2
2026-01-23 23:21:25,602 - utils - INFO - Simulating MAJOR drift in batch 22
2026-01-23 23:21:25,615 - utils - WARNING - DRIFT DETECTED! KS: False, PSI: True
2026-01-23 23:21:25,616 - utils - WARNING - Drift magnitude: 2.5438
2026-01-23 23:21:25,617 - utils - WARNING - Features with drift: 2
2026-01-23 23:21:25,617 - utils - INFO - Simulating MAJOR drift in batch 23
2026-01-23 23:21:25,630 - utils - WARNING - DRIFT DETECTED! KS: False, PSI: True
2026-01-23 23:21:25,632 - utils - WARNING - Drift magnitude: 2.5495
2026-01-23 23:21:25,633 - utils - WARNING - Features with drift: 2
2026-01-23 23:21:25,633 - utils - INFO - Simulating MAJOR drift in batch 24
2026-01-23 23:21:25,646 - utils - WARNING - DRIFT DETECTED! KS: False, PSI: True
2026-01-23 23:21:25,647 - utils - WARNING - Drift magnitude: 2.5499
2026-01-23 23:21:25,648 - utils - WARNING - Features with drift: 2
2026-01-23 23:21:25,659 - utils - INFO - Processed batch 25/50
2026-01-23 23:21:25,709 - utils - INFO - Processed batch 30/50
2026-01-23 23:21:25,751 - utils - INFO - Simulating MODERATE drift in batch 35
2026-01-23 23:21:25,762 - utils - INFO - Processed batch 35/50
2026-01-23 23:21:25,762 - utils - INFO - Simulating MODERATE drift in batch 36
2026-01-23 23:21:25,773 - utils - INFO - Simulating MODERATE drift in batch 37
2026-01-23 23:21:25,784 - utils - INFO - Simulating MODERATE drift in batch 38
2026-01-23 23:21:25,795 - utils - INFO - Simulating MODERATE drift in batch 39
2026-01-23 23:21:25,815 - utils - INFO - Processed batch 40/50
2026-01-23 23:21:25,865 - utils - INFO - Processed batch 45/50
2026-01-23 23:21:25,905 - utils - INFO - Streaming drift detection completed
2026-01-23 23:21:25,906 - utils - INFO - ==================================================
2026-01-23 23:21:25,909 - utils - INFO - DRIFT DETECTION SUMMARY
2026-01-23 23:21:25,910 - utils - INFO - ==================================================
2026-01-23 23:21:25,910 - utils - INFO -   total_batches: 50
2026-01-23 23:21:25,911 - utils - INFO -   total_ks_drifts: 0
2026-01-23 23:21:25,912 - utils - INFO -   total_psi_drifts: 10
2026-01-23 23:21:25,912 - utils - INFO -   total_drifts: 10
2026-01-23 23:21:25,913 - utils - INFO -   drift_rate: 0.2
2026-01-23 23:21:25,913 - utils - INFO -   avg_drift_magnitude: 0.5150690852536008
2026-01-23 23:21:25,914 - utils - INFO -   max_drift_magnitude: 2.5721132747254454
2026-01-23 23:21:25,915 - utils - INFO -   total_alerts: 10
2026-01-23 23:21:25,923 - utils - INFO - 
Recent drift alerts:
2026-01-23 23:21:25,923 - utils - INFO -   Batch 20: Magnitude 2.5090
2026-01-23 23:21:25,924 - utils - INFO -   Batch 21: Magnitude 2.5607
2026-01-23 23:21:25,924 - utils - INFO -   Batch 22: Magnitude 2.5438
2026-01-23 23:21:25,925 - utils - INFO -   Batch 23: Magnitude 2.5495
2026-01-23 23:21:25,930 - utils - INFO -   Batch 24: Magnitude 2.5499
2026-01-23 23:21:25,931 - utils - INFO - ==================================================
2026-01-23 23:21:25,946 - utils - INFO - Drift detector saved to ./models/drift_detectors/drift_detector.joblib
2026-01-23 23:21:25,947 - utils - INFO - Drift detection completed in 0.72 seconds
2026-01-23 23:21:25,948 - utils - INFO - 
======================================================================
2026-01-23 23:21:25,948 - utils - INFO - PHASE 4: VISUALIZATION AND ANALYSIS
2026-01-23 23:21:25,949 - utils - INFO - ======================================================================
2026-01-23 23:21:25,950 - utils - INFO - Generating visualizations...
2026-01-23 23:21:27,464 - utils - INFO - Confusion matrix saved to ./figs/confusion_matrix_20260123_231839.png
2026-01-23 23:21:27,551 - utils - WARNING - ROC curve generation failed: IDSEvaluator.plot_roc_curve() got an unexpected keyword argument 'save_path'
2026-01-23 23:21:29,231 - utils - INFO - Drift history plot saved to ./figs/drift_history_20260123_231839.png
2026-01-23 23:21:31,136 - utils - INFO - Drift statistics plot saved to ./figs/drift_statistics_20260123_231839.png
