2026-01-23 23:03:56,464 - utils - INFO - ======================================================================
2026-01-23 23:03:56,464 - utils - INFO - NETWORK INTRUSION DETECTION SYSTEM WITH DRIFT DETECTION
2026-01-23 23:03:56,464 - utils - INFO - ======================================================================
2026-01-23 23:03:56,464 - utils - INFO - Start Time: 2026-01-23 23:03:56
2026-01-23 23:03:56,464 - utils - INFO - Configuration loaded
2026-01-23 23:03:56,479 - utils - INFO - Found 8 CSV files in ../data/raw
2026-01-23 23:03:56,479 - utils - INFO -   - Friday-WorkingHours-Afternoon-DDos.pcap_ISCX.csv
2026-01-23 23:03:56,479 - utils - INFO -   - Friday-WorkingHours-Afternoon-PortScan.pcap_ISCX.csv
2026-01-23 23:03:56,479 - utils - INFO -   - Friday-WorkingHours-Morning.pcap_ISCX.csv
2026-01-23 23:03:56,479 - utils - INFO -   - Monday-WorkingHours.pcap_ISCX.csv
2026-01-23 23:03:56,479 - utils - INFO -   - Thursday-WorkingHours-Afternoon-Infilteration.pcap_ISCX.csv
2026-01-23 23:03:56,479 - utils - INFO -   - Thursday-WorkingHours-Morning-WebAttacks.pcap_ISCX.csv
2026-01-23 23:03:56,479 - utils - INFO -   - Tuesday-WorkingHours.pcap_ISCX.csv
2026-01-23 23:03:56,479 - utils - INFO -   - Wednesday-workingHours.pcap_ISCX.csv
2026-01-23 23:03:56,479 - utils - INFO - 
======================================================================
2026-01-23 23:03:56,479 - utils - INFO - PHASE 1: DATA PREPROCESSING
2026-01-23 23:03:56,479 - utils - INFO - ======================================================================
2026-01-23 23:03:56,479 - utils - INFO - Starting data preparation pipeline...
2026-01-23 23:03:56,479 - utils - INFO - Loading Monday-WorkingHours.pcap_ISCX.csv
2026-01-23 23:04:00,135 - utils - INFO - Loaded Monday-WorkingHours.pcap_ISCX.csv: (529918, 79)
2026-01-23 23:04:00,245 - utils - INFO - Loading Tuesday-WorkingHours.pcap_ISCX.csv
2026-01-23 23:04:03,119 - utils - INFO - Loaded Tuesday-WorkingHours.pcap_ISCX.csv: (445909, 79)
2026-01-23 23:04:03,229 - utils - INFO - Loading Wednesday-WorkingHours.pcap_ISCX.csv
2026-01-23 23:04:07,854 - utils - INFO - Loaded Wednesday-WorkingHours.pcap_ISCX.csv: (692703, 79)
2026-01-23 23:04:08,010 - utils - INFO - Loading Thursday-WorkingHours-Afternoon-Infilteration.pcap_ISCX.csv
2026-01-23 23:04:09,838 - utils - INFO - Loaded Thursday-WorkingHours-Afternoon-Infilteration.pcap_ISCX.csv: (288602, 79)
2026-01-23 23:04:09,901 - utils - INFO - Loading Thursday-WorkingHours-Morning-WebAttacks.pcap_ISCX.csv
2026-01-23 23:04:11,041 - utils - INFO - Loaded Thursday-WorkingHours-Morning-WebAttacks.pcap_ISCX.csv: (170366, 79)
2026-01-23 23:04:11,088 - utils - INFO - Loading Friday-WorkingHours-Afternoon-DDos.pcap_ISCX.csv
2026-01-23 23:04:12,806 - utils - INFO - Loaded Friday-WorkingHours-Afternoon-DDos.pcap_ISCX.csv: (225745, 79)
2026-01-23 23:04:12,853 - utils - INFO - Loading Friday-WorkingHours-Afternoon-PortScan.pcap_ISCX.csv
2026-01-23 23:04:14,509 - utils - INFO - Loaded Friday-WorkingHours-Afternoon-PortScan.pcap_ISCX.csv: (286467, 79)
2026-01-23 23:04:14,585 - utils - INFO - Loading Friday-WorkingHours-Morning.pcap_ISCX.csv
2026-01-23 23:04:15,897 - utils - INFO - Loaded Friday-WorkingHours-Morning.pcap_ISCX.csv: (191033, 79)
2026-01-23 23:04:17,337 - utils - INFO - Combined data shape: (2830743, 79)
2026-01-23 23:04:17,431 - utils - INFO - Starting data cleaning...
2026-01-23 23:04:17,431 - utils - INFO - Original shape: (2830743, 79)
2026-01-23 23:04:32,008 - utils - INFO - Final shape after cleaning: (2830743, 79)
2026-01-23 23:04:32,086 - utils - INFO - Removed 0 rows
2026-01-23 23:04:32,195 - utils - INFO - Encoding target variable...
2026-01-23 23:04:36,461 - utils - INFO - Unique labels found: ['BENIGN' 'FTP-Patator' 'SSH-Patator' 'DoS slowloris' 'DoS Slowhttptest'
 'DoS Hulk' 'DoS GoldenEye' 'Heartbleed' 'Infiltration'
 'Web Attack  Brute Force' 'Web Attack  XSS' 'Web Attack  Sql Injection'
 'DDoS' 'PortScan' 'Bot']
2026-01-23 23:04:37,148 - utils - INFO - Label mapping:
2026-01-23 23:04:37,148 - utils - INFO -   0: BENIGN
2026-01-23 23:04:37,148 - utils - INFO -   1: Bot
2026-01-23 23:04:37,148 - utils - INFO -   2: DDoS
2026-01-23 23:04:37,148 - utils - INFO -   3: DoS GoldenEye
2026-01-23 23:04:37,148 - utils - INFO -   4: DoS Hulk
2026-01-23 23:04:37,148 - utils - INFO -   5: DoS Slowhttptest
2026-01-23 23:04:37,148 - utils - INFO -   6: DoS slowloris
2026-01-23 23:04:37,148 - utils - INFO -   7: FTP-Patator
2026-01-23 23:04:37,148 - utils - INFO -   8: Heartbleed
2026-01-23 23:04:37,148 - utils - INFO -   9: Infiltration
2026-01-23 23:04:37,148 - utils - INFO -   10: PortScan
2026-01-23 23:04:37,148 - utils - INFO -   11: SSH-Patator
2026-01-23 23:04:37,164 - utils - INFO -   12: Web Attack  Brute Force
2026-01-23 23:04:37,164 - utils - INFO -   13: Web Attack  Sql Injection
2026-01-23 23:04:37,164 - utils - INFO -   14: Web Attack  XSS
2026-01-23 23:04:37,242 - utils - INFO - Selected 2 numerical features
2026-01-23 23:04:37,399 - utils - INFO - Final feature count: 2
2026-01-23 23:04:39,007 - utils - INFO - Scaling features...
2026-01-23 23:04:52,210 - utils - INFO - Preprocessor saved to ../data/processed/preprocessor.joblib
2026-01-23 23:04:52,210 - utils - INFO - Data saved to ../data/processed
2026-01-23 23:04:52,382 - utils - INFO - Training data shape: (1981520, 2)
2026-01-23 23:04:52,382 - utils - INFO - Test data shape: (849223, 2)
2026-01-23 23:04:52,382 - utils - INFO - Number of features: 2
2026-01-23 23:04:52,413 - utils - INFO - Class 0: 1591168 samples (80.30%)
2026-01-23 23:04:52,413 - utils - INFO - Class 1: 1376 samples (0.07%)
2026-01-23 23:04:52,429 - utils - INFO - Class 2: 89619 samples (4.52%)
2026-01-23 23:04:52,429 - utils - INFO - Class 3: 7205 samples (0.36%)
2026-01-23 23:04:52,429 - utils - INFO - Class 4: 161751 samples (8.16%)
2026-01-23 23:04:52,429 - utils - INFO - Class 5: 3849 samples (0.19%)
2026-01-23 23:04:52,429 - utils - INFO - Class 6: 4057 samples (0.20%)
2026-01-23 23:04:52,429 - utils - INFO - Class 7: 5557 samples (0.28%)
2026-01-23 23:04:52,429 - utils - INFO - Class 8: 8 samples (0.00%)
2026-01-23 23:04:52,429 - utils - INFO - Class 9: 25 samples (0.00%)
2026-01-23 23:04:52,429 - utils - INFO - Class 10: 111251 samples (5.61%)
2026-01-23 23:04:52,429 - utils - INFO - Class 11: 4128 samples (0.21%)
2026-01-23 23:04:52,429 - utils - INFO - Class 12: 1055 samples (0.05%)
2026-01-23 23:04:52,429 - utils - INFO - Class 13: 15 samples (0.00%)
2026-01-23 23:04:52,429 - utils - INFO - Class 14: 456 samples (0.02%)
2026-01-23 23:04:52,429 - utils - INFO - Data preprocessing completed in 55.95 seconds
2026-01-23 23:04:52,444 - utils - INFO - 
======================================================================
2026-01-23 23:04:52,444 - utils - INFO - PHASE 2: MODEL TRAINING
2026-01-23 23:04:52,444 - utils - INFO - ======================================================================
2026-01-23 23:04:52,444 - utils - INFO - Training random_forest model...
2026-01-23 23:04:52,444 - utils - INFO - Building Random Forest model...
